[2026-07-02T16:37:30.515Z] GET http://localhost:3000/tiendasregistradas → 200 (765ms, ?B)
[2026-07-02T16:37:31.292Z] GET http://localhost:3000/_next/static/css/app/layout.css?v=1783010250782 → pending (?ms, ?B)
[2026-07-02T16:37:31.293Z] GET http://localhost:3000/_next/static/chunks/webpack.js?v=1783010250782 → pending (?ms, ?B)
[2026-07-02T16:37:31.293Z] GET http://localhost:3000/_next/static/chunks/main-app.js?v=1783010250782 → pending (?ms, ?B)
[2026-07-02T16:37:31.296Z] GET http://localhost:3000/_next/static/chunks/app-pages-internals.js → pending (?ms, ?B)
[2026-07-02T16:37:31.296Z] GET http://localhost:3000/_next/static/chunks/app/layout.js → pending (?ms, ?B)
[2026-07-02T16:37:31.296Z] GET http://localhost:3000/_next/static/chunks/app/(public)/layout.js → pending (?ms, ?B)
[2026-07-02T16:37:31.297Z] GET http://localhost:3000/_next/static/chunks/app/(public)/tiendasregistradas/page.js → pending (?ms, ?B)
[2026-07-02T16:37:31.297Z] GET http://localhost:3000/_next/static/chunks/app/(public)/page.js → pending (?ms, ?B)
[2026-07-02T16:37:31.297Z] GET https://static.micuentaweb.pe/static/js/krypton-client/V4.0/ext/classic-reset.css → pending (?ms, ?B)
[2026-07-02T16:37:31.297Z] GET https://static.micuentaweb.pe/static/js/krypton-client/V4.0/stable/kr-payment-form.min.js → pending (?ms, ?B)
[2026-07-02T16:37:31.297Z] GET https://static.micuentaweb.pe/static/js/krypton-client/V4.0/ext/classic.js → pending (?ms, ?B)
[2026-07-02T16:37:31.629Z] GET https://fonts.googleapis.com/css2?family=Roboto:wght@400;500;700&display=swap → 200 (402ms, 2158B)
[2026-07-02T16:37:32.761Z] GET https://accounts.google.com/gsi/client → pending (?ms, ?B)
[2026-07-02T16:37:32.761Z] GET http://localhost:3000/_next/static/chunks/_app-pages-browser_node_modules_tanstack_query-devtools_build_DevtoolsComponent_B5PP2USH_js.js → pending (?ms, ?B)
[2026-07-02T16:37:33.353Z] GET http://localhost:3000/img/iconologo.png → 200 (4ms, 61918B)
[2026-07-02T16:37:33.353Z] GET https://fonts.googleapis.com/css2?family=Outfit:wght@100..900&display=swap → 200 (125ms, 511B)
[2026-07-02T16:37:33.356Z] GET http://localhost:8000/api/categories/mega-menu → pending (?ms, ?B)
[2026-07-02T16:37:33.357Z] GET http://localhost:8000/api/stores?per_page=50 → pending (?ms, ?B)
[2026-07-02T16:37:33.357Z] GET http://localhost:8000/api/medals/active → pending (?ms, ?B)
[2026-07-02T16:37:33.357Z] GET http://localhost:8000/api/stores?per_page=50 → pending (?ms, ?B)
[2026-07-02T16:37:33.357Z] GET http://localhost:8000/api/medals/active → pending (?ms, ?B)
[2026-07-02T16:37:33.357Z] GET http://localhost:3000/img/nombrelogo.png → 200 (120ms, 42077B)
[2026-07-02T16:37:33.476Z] GET http://localhost:3000/img/logo_lyrium_blanco_01-scaled.webp → 200 (53ms, 37932B)
[2026-07-02T16:37:33.680Z] GET https://fonts.gstatic.com/s/outfit/v15/QGYvz_MVcBeNP4NJtEtq.woff2 → 200 (375ms, 32834B)
[2026-07-02T16:37:33.952Z] GET https://static.micuentaweb.pe/static/js/krypton-client/V4.0/stable/kr-trans-error.bundle.js → 200 (184ms, 106605B)
[2026-07-02T16:37:33.955Z] GET https://static.micuentaweb.pe/static/js/krypton-client/V4.0/checkout/checkout.html?assets=44 → 200 (39ms, ?B)
[2026-07-02T16:37:34.125Z] POST http://localhost:3000/api/broadcasting/auth → 401 (85ms, ?B)
[2026-07-02T16:37:34.141Z] GET https://static.micuentaweb.pe/static/js/krypton-client/V4.0/checkout/css/toolbar.min.css?assets=44 → 200 (48ms, 11047B)
[2026-07-02T16:37:34.200Z] GET https://static.micuentaweb.pe/static/js/krypton-client/V4.0/checkout/css/kr.min.css → 200 (65ms, 574B)
[2026-07-02T16:37:34.200Z] GET https://static.micuentaweb.pe/static/js/krypton-client/V4.0/checkout/css/lyra-auth.min.css → 200 (63ms, 637B)
[2026-07-02T16:37:34.200Z] GET https://static.micuentaweb.pe/static/js/krypton-client/V4.0/stable/kr-payment-form.min.js → pending (?ms, ?B)
[2026-07-02T16:37:34.373Z] GET https://fonts.googleapis.com/css2?family=Roboto:wght@400;500&display=swap → 200 (125ms, 1628B)
[2026-07-02T16:37:34.378Z] GET https://static.micuentaweb.pe/static/js/krypton-client/V4.0/vendors_static/css/animate.min.css?assets=44 → 200 (42ms, 2777B)
[2026-07-02T16:37:34.405Z] GET https://static.micuentaweb.pe/static/js/krypton-client/V4.0/stable/vendors~kr-toolbar.bundle.js → 200 (406ms, 852124B)
[2026-07-02T16:37:34.405Z] GET https://static.micuentaweb.pe/static/js/krypton-client/V4.0/stable/kr-toolbar.bundle.js → 200 (405ms, 33274B)
[2026-07-02T16:37:35.021Z] GET https://static.micuentaweb.pe/static/js/krypton-client/V4.0/stable/449.bundle.js → 200 (55ms, 3884B)
[2026-07-02T16:37:35.074Z] GET https://static.micuentaweb.pe/static/js/krypton-client/V4.0/stable/kr-trans-error.bundle.js → 200 (24ms, -976B)
[2026-07-02T16:37:35.231Z] GET https://static.micuentaweb.pe/static/js/krypton-client/V4.0/stable/447.bundle.js → 200 (63ms, 1390B)
[2026-07-02T16:37:35.543Z] GET http://localhost:3000/img/stores/default-cover.webp → pending (?ms, ?B)
[2026-07-02T16:37:35.543Z] GET http://localhost:3000/img/stores/default-logo.webp → pending (?ms, ?B)
[2026-07-02T16:37:35.543Z] GET http://localhost:8000/storage/31/images.jpg → pending (?ms, ?B)
[2026-07-02T16:37:36.135Z] GET http://localhost:3000/__nextjs_font/geist-latin.woff2 → 200 (65ms, 28369B)
[2026-07-02T16:37:36.509Z] GET http://localhost:3000/_next/static/webpack/c3c57f08de9a1879.webpack.hot-update.json → 200 (56ms, 31B)
[2026-07-02T16:37:36.571Z] GET http://localhost:3000/_next/static/webpack/webpack.c3c57f08de9a1879.hot-update.js → 200 (165ms, 786B)
